// Vitest Snapshot v1, https://vitest.dev/guide/snapshot.html

exports[`NavBar > matches snapshot 1`] = `
<NavBar
  budgetNameList={
    [
      {
        "id": "036c2de4-00a4-402c-8f0e-f81339be9a4e",
        "name": "2023-05",
      },
      {
        "id": "035c2de4-00a4-403c-8f0e-f81339be9a4e",
        "name": "2023-04",
      },
      {
        "id": "035c2de4-01a4-403c-8f0e-f81340be9a4e",
        "name": "2023-03",
      },
    ]
  }
  id="035c2de4-00a4-403c-8f0e-f81339be9a4e"
  onClone={[MockFunction spy]}
  onExport={[MockFunction spy]}
  onGoBack={[MockFunction spy]}
  onGoForward={[MockFunction spy]}
  onGoHome={[MockFunction spy]}
  onImport={[MockFunction spy]}
  onNew={[MockFunction spy]}
  onRemove={[MockFunction spy]}
  onRename={[MockFunction spy]}
  onSelect={[MockFunction spy]}
  selected="2023-04"
/>
`;
